// Jest Snapshot v1, https://goo.gl/fbAQLP

exports[`<Nav /> renders the amount of items in the cart 1`] = `
<div
  className="count CartCount__Dot-uiccpw-1 iDzZhv"
>
  9
</div>
`;
